20.ox
aaaaaaaaaaaaaaaaaa................................
.........o........................................
..................................................
..................................................
...............o................................o.
..................................................
..o.........................................o.....
.....................o............................
................................................o.
.............o....................................
..................................................
...............................................o..
..................................................
...o..............................................
..................................................
..................o...............................
.........o........................................
....o.....................o........o.............o
..................................................
..................................................